===== MODE legacy =====
9 neon8 1.23s
9 sve32-fused-private 1.56s
neon16 vs neon8 range 2.44 20.86 % time change
lookup_foldhash_random 3.628 -> 3.921 8.15 %
lookup_std_random 10.81 -> 11.269 4.26 %
sve16-fused vs neon8 range 11.38 36.55 % time change
lookup_foldhash_random 3.628 -> 4.699 29.6 %
lookup_std_random 10.81 -> 12.155 12.43 %
sve32-fused vs neon8 range 11.52 72.21 % time change
lookup_foldhash_random 3.628 -> 4.719 30.16 %
lookup_std_random 10.81 -> 12.047 11.52 %
sve32-fused-private vs neon8 range 12.36 79.15 % time change
lookup_foldhash_random 3.628 -> 4.985 37.46 %
lookup_std_random 10.81 -> 12.149 12.36 %
===== MODE extended =====
9 neon8 0.65s
9 sve32-fused-private 0.64s
neon16 vs neon8 range -28.38 21.02 % time change
ahash_u64_b8192_p85_miss_fresh 20.629 -> 14.785 -28.38 %
ahash_u64_b65536_p85_miss_fresh 22.236 -> 16.895 -24.02 %
ahash_u64_b524288_p85_miss_fresh 23.885 -> 18.951 -20.49 %
ahash_string_n32768_hit 30.957 -> 35.275 14.21 %
ahash_string_n151643_hit 36.206 -> 43.886 21.02 %
ahash_u64_b65536_p85_miss_deleted 21.656 -> 15.974 -26.24 %
ahash_string_n32768_miss 10.599 -> 11.624 9.04 %
ahash_string_n151643_miss 14.8 -> 17.232 16.7 %
sve16-fused vs neon8 range -34.21 29.45 % time change
ahash_u64_b8192_p85_miss_fresh 20.629 -> 13.577 -34.21 %
ahash_u64_b65536_p85_miss_fresh 22.236 -> 17.345 -22.01 %
ahash_u64_b524288_p85_miss_fresh 23.885 -> 19.688 -17.31 %
ahash_string_n32768_hit 30.957 -> 37.676 22.27 %
ahash_string_n151643_hit 36.206 -> 46.364 28.74 %
ahash_u64_b65536_p85_miss_deleted 21.656 -> 16.23 -25.08 %
ahash_string_n32768_miss 10.599 -> 13.51 26.97 %
ahash_string_n151643_miss 14.8 -> 19.095 29.45 %
sve32-fused vs neon8 range -63.97 68.25 % time change
ahash_u64_b8192_p85_miss_fresh 20.629 -> 7.419 -63.97 %
ahash_u64_b65536_p85_miss_fresh 22.236 -> 13.586 -38.91 %
ahash_u64_b524288_p85_miss_fresh 23.885 -> 15.746 -34.2 %
ahash_string_n32768_hit 30.957 -> 34.487 11.79 %
ahash_string_n151643_hit 36.206 -> 39.57 9.82 %
ahash_u64_b65536_p85_miss_deleted 21.656 -> 12.016 -44.51 %
ahash_string_n32768_miss 10.599 -> 17.95 68.25 %
ahash_string_n151643_miss 14.8 -> 23.879 60.97 %
sve32-fused-private vs neon8 range -64.61 73.46 % time change
ahash_u64_b8192_p85_miss_fresh 20.629 -> 7.305 -64.61 %
ahash_u64_b65536_p85_miss_fresh 22.236 -> 13.64 -38.68 %
===== MODE insert =====
note: run with `RUST_BACKTRACE=1` environment variable to display a backtrace

Traceback (most recent call last):
  File "/home/wheel/hb/wide/scripts/summarize_micro.py", line 6, in <module>
    m=json.loads((root/'manifest.json').read_text());data={}
                 ^^^^^^^^^^^^^^^^^^^^^^^^^^^^^^^^^^
  File "/usr/lib64/python3.11/pathlib.py", line 1058, in read_text
    with self.open(mode='r', encoding=encoding, errors=errors) as f:
         ^^^^^^^^^^^^^^^^^^^^^^^^^^^^^^^^^^^^^^^^^^^^^^^^^^^^^
  File "/usr/lib64/python3.11/pathlib.py", line 1044, in open
    return io.open(self, mode, buffering, encoding, errors, newline)
           ^^^^^^^^^^^^^^^^^^^^^^^^^^^^^^^^^^^^^^^^^^^^^^^^^^^^^^^^^
FileNotFoundError: [Errno 2] No such file or directory: 'results/retest-insert/manifest.json'
MICRO_RUN_DONE
