===== A/A =====
block 1/3 neon8: 20.16s
block 1/3 neon8-repeat: 20.35s
block 2/3 neon8: 20.29s
block 2/3 neon8-repeat: 20.09s
block 3/3 neon8: 20.11s
block 3/3 neon8-repeat: 20.22s
AA_OK
===== E2E 10 blocks x 5 backends =====
block 1/10 neon8: 20.22s
block 1/10 neon16: 20.03s
block 1/10 sve16-fused: 20.44s
block 1/10 sve32-fused: 20.69s
block 1/10 sve32-fused-private: 20.48s
block 2/10 neon8: 20.15s
block 2/10 sve32-fused-private: 20.49s
block 2/10 sve32-fused: 20.67s
block 2/10 sve16-fused: 20.49s
block 2/10 neon16: 20.19s
block 3/10 sve16-fused: 20.59s
block 3/10 sve32-fused: 20.94s
block 3/10 sve32-fused-private: 20.53s
block 3/10 neon8: 20.08s
block 3/10 neon16: 20.18s
block 4/10 sve16-fused: 20.62s
block 4/10 neon16: 20.20s
block 4/10 neon8: 20.13s
block 4/10 sve32-fused-private: 20.57s
block 4/10 sve32-fused: 20.46s
block 5/10 sve32-fused-private: 20.56s
block 5/10 neon8: 20.22s
block 5/10 neon16: 20.11s
block 5/10 sve16-fused: 20.46s
block 5/10 sve32-fused: 20.55s
block 6/10 sve32-fused-private: 20.55s
block 6/10 sve32-fused: 20.60s
block 6/10 sve16-fused: 20.57s
block 6/10 neon16: 20.31s
block 6/10 neon8: 20.18s
block 7/10 neon16: 20.15s
block 7/10 sve16-fused: 20.50s
block 7/10 sve32-fused: 20.52s
block 7/10 sve32-fused-private: 20.57s
block 7/10 neon8: 20.16s
block 8/10 neon16: 20.12s
block 8/10 neon8: 20.25s
block 8/10 sve32-fused-private: 20.61s
block 8/10 sve32-fused: 20.52s
block 8/10 sve16-fused: 20.55s
block 9/10 sve32-fused: 20.45s
block 9/10 sve32-fused-private: 20.50s
block 9/10 neon8: 20.20s
block 9/10 neon16: 20.22s
block 9/10 sve16-fused: 20.55s
block 10/10 sve32-fused: 20.44s
block 10/10 sve16-fused: 20.50s
block 10/10 neon16: 20.14s
block 10/10 neon8: 20.42s
block 10/10 sve32-fused-private: 20.55s
E2E_OK
ALL_DONE
