🍹 Building a mixed python/rust project
🐍 Found CPython 3.11 at /home/wheel/hb/shared/venv-build/bin/python
🔗 Found pyo3 bindings with abi3-py3.9 support
📡 Using build options features, bindings from pyproject.toml
   Compiling proc-macro2 v1.0.107
   Compiling unicode-ident v1.0.26
   Compiling quote v1.0.47
   Compiling target-lexicon v0.13.5
   Compiling once_cell v1.21.4
   Compiling autocfg v1.5.1
   Compiling libc v0.2.189
   Compiling serde_core v1.0.229
   Compiling shlex v2.0.1
   Compiling memchr v2.8.3
   Compiling find-msvc-tools v0.1.13
   Compiling crossbeam-utils v0.8.23
   Compiling strsim v0.11.1
   Compiling cc v1.4.7
   Compiling fnv v1.0.7
   Compiling zerocopy v0.8.57
   Compiling cfg-if v1.0.5
   Compiling getrandom v0.3.4
   Compiling serde v1.0.229
   Compiling ident_case v1.0.1
   Compiling crossbeam-epoch v0.9.21
   Compiling num-traits v0.2.19
   Compiling crossbeam-deque v0.8.8
   Compiling aho-corasick v1.1.5
   Compiling rayon-core v1.13.0
   Compiling regex-syntax v0.8.11
   Compiling pyo3-build-config v0.25.1
   Compiling rustversion v1.0.23
   Compiling syn v2.0.119
   Compiling syn v3.0.6
   Compiling pkg-config v0.3.34
   Compiling memoffset v0.9.1
   Compiling matrixmultiply v0.3.11
   Compiling portable-atomic v1.15.0
   Compiling either v1.18.0
   Compiling onig_sys v69.9.3
   Compiling zmij v1.0.23
   Compiling heck v0.5.0
   Compiling version_check v0.9.5
   Compiling esaxx-rs v0.1.10
   Compiling rand_core v0.9.5
   Compiling ahash v0.8.12
   Compiling utf8parse v0.2.2
   Compiling unicode-width v0.2.2
   Compiling regex-automata v0.4.18
   Compiling paste v1.0.15
   Compiling pyo3-macros-backend v0.25.1
   Compiling pyo3-ffi v0.25.1
   Compiling pyo3 v0.25.1
   Compiling thiserror v2.0.21
   Compiling itoa v1.0.18
   Compiling serde_json v1.0.151
   Compiling log v0.4.34
   Compiling minimal-lexical v0.2.1
   Compiling rawpointer v0.2.1
   Compiling castaway v0.2.4
   Compiling nom v7.1.3
   Compiling numpy v0.25.0
   Compiling rayon v1.12.0
   Compiling serde_derive v1.0.229
   Compiling darling_core v0.20.11
   Compiling ppv-lite86 v0.2.21
   Compiling rand_chacha v0.9.0
   Compiling thiserror-impl v2.0.21
   Compiling regex v1.13.1
   Compiling monostate-impl v0.1.18
   Compiling console v0.15.11
   Compiling anstyle-parse v1.0.0
   Compiling num-integer v0.1.47
   Compiling darling_macro v0.20.11
   Compiling num-complex v0.4.6
   Compiling itertools v0.14.0
   Compiling is_terminal_polyfill v1.70.2
   Compiling anstyle v1.0.14
   Compiling anstyle-query v1.1.5
   Compiling darling v0.20.11
   Compiling derive_builder_core v0.20.2
   Compiling static_assertions v1.1.0
   Compiling bitflags v2.13.2
   Compiling colorchoice v1.0.5
   Compiling ryu v1.0.23
   Compiling number_prefix v0.4.0
   Compiling macro_rules_attribute-proc_macro v0.2.3
   Compiling unindent v0.2.4
   Compiling jiff-core v0.1.1
   Compiling smallvec v1.16.1
   Compiling pastey v0.2.3
   Compiling unicode-segmentation v1.13.3
   Compiling indoc v2.0.7
   Compiling base64 v0.13.1
   Compiling unicode-normalization-alignments v0.1.12
   Compiling spm_precompiled v0.1.4
   Compiling derive_builder_macro v0.20.2
   Compiling macro_rules_attribute v0.2.3
   Compiling compact_str v0.9.1
   Compiling dary_heap v0.3.9
   Compiling rayon-cond v0.4.0
   Compiling pyo3-macros v0.25.1
   Compiling jiff v0.2.37
   Compiling indicatif v0.17.11
   Compiling anstream v1.0.0
   Compiling ndarray v0.16.1
   Compiling derive_builder v0.20.2
   Compiling monostate v0.1.18
   Compiling env_filter v2.0.0
   Compiling rand v0.9.5
   Compiling unicode_categories v0.1.1
   Compiling rustc-hash v2.1.3
   Compiling env_logger v0.11.11
   Compiling onig v6.5.3
   Compiling tokenizers v0.21.4 (/home/wheel/hb/wide/tokenizers-opt/tokenizers)
warning: unused import: `std::collections::HashMap`
 --> /home/wheel/hb/wide/tokenizers-opt/tokenizers/src/tokenizer/pre_tokenizer.rs:4:5
  |
4 | use std::collections::HashMap;
  |     ^^^^^^^^^^^^^^^^^^^^^^^^^
  |
  = note: `#[warn(unused_imports)]` (part of `#[warn(unused)]`) on by default

warning: hiding a lifetime that's elided elsewhere is confusing
   --> /home/wheel/hb/wide/tokenizers-opt/tokenizers/src/models/unigram/model.rs:359:17
    |
359 |     pub fn iter(&self) -> UnigramIterator {
    |                 ^^^^^     ^^^^^^^^^^^^^^^ the same lifetime is hidden here
    |                 |
    |                 the lifetime is elided here
    |
    = help: the same lifetime is referred to in inconsistent ways, making the signature confusing
    = note: `#[warn(mismatched_lifetime_syntaxes)]` on by default
help: use `'_` for type paths
    |
359 |     pub fn iter(&self) -> UnigramIterator<'_> {
    |                                          ++++

warning: hiding a lifetime that's elided elsewhere is confusing
  --> /home/wheel/hb/wide/tokenizers-opt/tokenizers/src/models/unigram/trie.rs:33:36
   |
33 |     pub fn common_prefix_search<T>(&self, iterator: T) -> TrieIterator<Label, T>
   |                                    ^^^^^                  ^^^^^^^^^^^^^^^^^^^^^^ the same lifetime is hidden here
   |                                    |
   |                                    the lifetime is elided here
   |
   = help: the same lifetime is referred to in inconsistent ways, making the signature confusing
help: use `'_` for type paths
   |
33 |     pub fn common_prefix_search<T>(&self, iterator: T) -> TrieIterator<'_, Label, T>
   |                                                                        +++

warning: `tokenizers` (lib) generated 3 warnings (run `cargo fix --lib -p tokenizers` to apply 3 suggestions)
   Compiling tokenizers-python v0.21.4 (/home/wheel/hb/wide/tokenizers-opt/bindings/python)
warning: hiding a lifetime that's elided elsewhere is confusing
   --> src/processors.rs:344:23
    |
344 |     fn get_sep(self_: PyRef<Self>) -> Result<Bound<'_, PyTuple>, PyErr> {
    |                       ^^^^^^^^^^^                  ^^ the same lifetime is elided here
    |                       |
    |                       the lifetime is hidden here
    |
    = help: the same lifetime is referred to in inconsistent ways, making the signature confusing
    = note: `#[warn(mismatched_lifetime_syntaxes)]` on by default
help: consistently use `'_`
    |
344 |     fn get_sep(self_: PyRef<'_, Self>) -> Result<Bound<'_, PyTuple>, PyErr> {
    |                             +++

warning: hiding a lifetime that's elided elsewhere is confusing
   --> src/processors.rs:361:23
    |
361 |     fn get_cls(self_: PyRef<Self>) -> Result<Bound<'_, PyTuple>, PyErr> {
    |                       ^^^^^^^^^^^                  ^^ the same lifetime is elided here
    |                       |
    |                       the lifetime is hidden here
    |
    = help: the same lifetime is referred to in inconsistent ways, making the signature confusing
help: consistently use `'_`
    |
361 |     fn get_cls(self_: PyRef<'_, Self>) -> Result<Bound<'_, PyTuple>, PyErr> {
    |                             +++

warning: hiding a lifetime that's elided elsewhere is confusing
   --> src/processors.rs:425:23
    |
425 |     fn get_sep(self_: PyRef<Self>) -> Result<Bound<'_, PyTuple>, PyErr> {
    |                       ^^^^^^^^^^^                  ^^ the same lifetime is elided here
    |                       |
    |                       the lifetime is hidden here
    |
    = help: the same lifetime is referred to in inconsistent ways, making the signature confusing
help: consistently use `'_`
    |
425 |     fn get_sep(self_: PyRef<'_, Self>) -> Result<Bound<'_, PyTuple>, PyErr> {
    |                             +++

warning: hiding a lifetime that's elided elsewhere is confusing
   --> src/processors.rs:442:23
    |
442 |     fn get_cls(self_: PyRef<Self>) -> Result<Bound<'_, PyTuple>, PyErr> {
    |                       ^^^^^^^^^^^                  ^^ the same lifetime is elided here
    |                       |
    |                       the lifetime is hidden here
    |
    = help: the same lifetime is referred to in inconsistent ways, making the signature confusing
help: consistently use `'_`
    |
442 |     fn get_cls(self_: PyRef<'_, Self>) -> Result<Bound<'_, PyTuple>, PyErr> {
    |                             +++

warning: `tokenizers-python` (lib) generated 4 warnings (run `cargo fix --lib -p tokenizers-python` to apply 4 suggestions)
    Finished `release` profile [optimized + debuginfo] target(s) in 29.96s
📦 Built wheel for abi3 Python ≥ 3.9 to /home/wheel/hb/wide/artifacts/wheels-opt/tokenizers-0.21.4-cp39-abi3-linux_aarch64.whl
OPT_WHEEL_EXIT=0
