    Updating `rsproxy-sparse` index
     Locking 1 package to latest compatible version
    Updating tokenizers v0.21.3 (/tmp/tokenizers-opt/tokenizers) -> v0.21.4
 Downloading crates ...
  Downloaded console v0.15.11 (registry `rsproxy-sparse`)
  Downloaded ahash v0.8.12 (registry `rsproxy-sparse`)
  Downloaded aho-corasick v1.1.3 (registry `rsproxy-sparse`)
  Downloaded anstyle-query v1.1.3 (registry `rsproxy-sparse`)
  Downloaded esaxx-rs v0.1.10 (registry `rsproxy-sparse`)
  Downloaded anstyle-wincon v3.0.9 (registry `rsproxy-sparse`)
  Downloaded derive_builder_core v0.20.2 (registry `rsproxy-sparse`)
  Downloaded derive_builder_macro v0.20.2 (registry `rsproxy-sparse`)
  Downloaded darling v0.20.11 (registry `rsproxy-sparse`)
  Downloaded compact_str v0.9.0 (registry `rsproxy-sparse`)
  Downloaded anstyle v1.0.11 (registry `rsproxy-sparse`)
  Downloaded cfg-if v1.0.1 (registry `rsproxy-sparse`)
  Downloaded cc v1.2.27 (registry `rsproxy-sparse`)
  Downloaded crossbeam-epoch v0.9.18 (registry `rsproxy-sparse`)
  Downloaded castaway v0.2.3 (registry `rsproxy-sparse`)
  Downloaded memchr v2.7.5 (registry `rsproxy-sparse`)
  Downloaded unicode-normalization-alignments v0.1.12 (registry `rsproxy-sparse`)
  Downloaded pyo3-macros-backend v0.25.1 (registry `rsproxy-sparse`)
  Downloaded dary_heap v0.3.7 (registry `rsproxy-sparse`)
  Downloaded pkg-config v0.3.32 (registry `rsproxy-sparse`)
  Downloaded windows-targets v0.52.6 (registry `rsproxy-sparse`)
  Downloaded tempfile v3.20.0 (registry `rsproxy-sparse`)
  Downloaded env_filter v0.1.3 (registry `rsproxy-sparse`)
  Downloaded portable-atomic v1.11.1 (registry `rsproxy-sparse`)
  Downloaded rayon v1.10.0 (registry `rsproxy-sparse`)
  Downloaded bumpalo v3.18.1 (registry `rsproxy-sparse`)
  Downloaded encode_unicode v1.0.0 (registry `rsproxy-sparse`)
  Downloaded quote v1.0.40 (registry `rsproxy-sparse`)
  Downloaded unicode_categories v0.1.1 (registry `rsproxy-sparse`)
  Downloaded indoc v2.0.6 (registry `rsproxy-sparse`)
  Downloaded nom v7.1.3 (registry `rsproxy-sparse`)
  Downloaded proc-macro2 v1.0.95 (registry `rsproxy-sparse`)
  Downloaded web-time v1.1.0 (registry `rsproxy-sparse`)
  Downloaded itertools v0.14.0 (registry `rsproxy-sparse`)
  Downloaded unicode-segmentation v1.12.0 (registry `rsproxy-sparse`)
  Downloaded either v1.15.0 (registry `rsproxy-sparse`)
  Downloaded unindent v0.2.4 (registry `rsproxy-sparse`)
  Downloaded strsim v0.11.1 (registry `rsproxy-sparse`)
  Downloaded anstream v0.6.19 (registry `rsproxy-sparse`)
  Downloaded spm_precompiled v0.1.4 (registry `rsproxy-sparse`)
  Downloaded wasm-bindgen-macro v0.2.100 (registry `rsproxy-sparse`)
  Downloaded version_check v0.9.5 (registry `rsproxy-sparse`)
  Downloaded num-traits v0.2.19 (registry `rsproxy-sparse`)
  Downloaded serde_derive v1.0.219 (registry `rsproxy-sparse`)
  Downloaded wit-bindgen-rt v0.39.0 (registry `rsproxy-sparse`)
  Downloaded base64 v0.13.1 (registry `rsproxy-sparse`)
  Downloaded fnv v1.0.7 (registry `rsproxy-sparse`)
  Downloaded memoffset v0.9.1 (registry `rsproxy-sparse`)
  Downloaded thiserror-impl v2.0.12 (registry `rsproxy-sparse`)
  Downloaded crossbeam-deque v0.8.6 (registry `rsproxy-sparse`)
  Downloaded onig v6.5.1 (registry `rsproxy-sparse`)
  Downloaded windows_i686_gnu v0.52.6 (registry `rsproxy-sparse`)
  Downloaded zerocopy v0.8.25 (registry `rsproxy-sparse`)
  Downloaded fastrand v2.3.0 (registry `rsproxy-sparse`)
  Downloaded crossbeam-utils v0.8.21 (registry `rsproxy-sparse`)
  Downloaded rand v0.9.1 (registry `rsproxy-sparse`)
  Downloaded rustversion v1.0.21 (registry `rsproxy-sparse`)
  Downloaded darling_macro v0.20.11 (registry `rsproxy-sparse`)
  Downloaded windows-sys v0.59.0 (registry `rsproxy-sparse`)
  Downloaded monostate-impl v0.1.14 (registry `rsproxy-sparse`)
  Downloaded numpy v0.25.0 (registry `rsproxy-sparse`)
  Downloaded matrixmultiply v0.3.10 (registry `rsproxy-sparse`)
  Downloaded darling_core v0.20.11 (registry `rsproxy-sparse`)
  Downloaded once_cell_polyfill v1.70.1 (registry `rsproxy-sparse`)
  Downloaded rayon-cond v0.4.0 (registry `rsproxy-sparse`)
  Downloaded bitflags v2.9.1 (registry `rsproxy-sparse`)
  Downloaded getrandom v0.3.3 (registry `rsproxy-sparse`)
  Downloaded heck v0.5.0 (registry `rsproxy-sparse`)
  Downloaded num-complex v0.4.6 (registry `rsproxy-sparse`)
  Downloaded rawpointer v0.2.1 (registry `rsproxy-sparse`)
  Downloaded rustc-hash v2.1.1 (registry `rsproxy-sparse`)
  Downloaded minimal-lexical v0.2.1 (registry `rsproxy-sparse`)
  Downloaded ppv-lite86 v0.2.21 (registry `rsproxy-sparse`)
  Downloaded log v0.4.27 (registry `rsproxy-sparse`)
  Downloaded env_logger v0.11.8 (registry `rsproxy-sparse`)
  Downloaded num-integer v0.1.46 (registry `rsproxy-sparse`)
  Downloaded rand_chacha v0.9.0 (registry `rsproxy-sparse`)
  Downloaded pyo3-ffi v0.25.1 (registry `rsproxy-sparse`)
  Downloaded wasi v0.14.2+wasi-0.2.4 (registry `rsproxy-sparse`)
  Downloaded is_terminal_polyfill v1.70.1 (registry `rsproxy-sparse`)
  Downloaded indicatif v0.17.11 (registry `rsproxy-sparse`)
  Downloaded windows_x86_64_msvc v0.52.6 (registry `rsproxy-sparse`)
  Downloaded colorchoice v1.0.4 (registry `rsproxy-sparse`)
  Downloaded errno v0.3.12 (registry `rsproxy-sparse`)
  Downloaded wasm-bindgen-macro-support v0.2.100 (registry `rsproxy-sparse`)
  Downloaded windows_aarch64_gnullvm v0.52.6 (registry `rsproxy-sparse`)
  Downloaded unicode-width v0.2.1 (registry `rsproxy-sparse`)
  Downloaded once_cell v1.21.3 (registry `rsproxy-sparse`)
  Downloaded target-lexicon v0.13.2 (registry `rsproxy-sparse`)
  Downloaded itoa v1.0.15 (registry `rsproxy-sparse`)
  Downloaded wasm-bindgen-backend v0.2.100 (registry `rsproxy-sparse`)
  Downloaded anstyle-parse v0.2.7 (registry `rsproxy-sparse`)
  Downloaded pyo3-macros v0.25.1 (registry `rsproxy-sparse`)
  Downloaded serde_json v1.0.140 (registry `rsproxy-sparse`)
  Downloaded smallvec v1.15.1 (registry `rsproxy-sparse`)
  Downloaded serde v1.0.219 (registry `rsproxy-sparse`)
  Downloaded autocfg v1.4.0 (registry `rsproxy-sparse`)
  Downloaded portable-atomic-util v0.2.4 (registry `rsproxy-sparse`)
  Downloaded thiserror v2.0.12 (registry `rsproxy-sparse`)
  Downloaded static_assertions v1.1.0 (registry `rsproxy-sparse`)
  Downloaded regex-automata v0.4.9 (registry `rsproxy-sparse`)
  Downloaded pyo3-build-config v0.25.1 (registry `rsproxy-sparse`)
  Downloaded wasm-bindgen-shared v0.2.100 (registry `rsproxy-sparse`)
  Downloaded windows_i686_msvc v0.52.6 (registry `rsproxy-sparse`)
  Downloaded windows_i686_gnullvm v0.52.6 (registry `rsproxy-sparse`)
  Downloaded linux-raw-sys v0.9.4 (registry `rsproxy-sparse`)
  Downloaded pyo3 v0.25.1 (registry `rsproxy-sparse`)
  Downloaded windows_x86_64_gnullvm v0.52.6 (registry `rsproxy-sparse`)
  Downloaded onig_sys v69.9.1 (registry `rsproxy-sparse`)
  Downloaded ndarray v0.16.1 (registry `rsproxy-sparse`)
  Downloaded windows_x86_64_gnu v0.52.6 (registry `rsproxy-sparse`)
  Downloaded windows_aarch64_msvc v0.52.6 (registry `rsproxy-sparse`)
  Downloaded utf8parse v0.2.2 (registry `rsproxy-sparse`)
  Downloaded unicode-ident v1.0.18 (registry `rsproxy-sparse`)
  Downloaded macro_rules_attribute v0.2.2 (registry `rsproxy-sparse`)
  Downloaded shlex v1.3.0 (registry `rsproxy-sparse`)
  Downloaded monostate v0.1.14 (registry `rsproxy-sparse`)
  Downloaded r-efi v5.3.0 (registry `rsproxy-sparse`)
  Downloaded rand_core v0.9.3 (registry `rsproxy-sparse`)
  Downloaded regex v1.11.1 (registry `rsproxy-sparse`)
  Downloaded wasm-bindgen v0.2.100 (registry `rsproxy-sparse`)
  Downloaded zerocopy-derive v0.8.25 (registry `rsproxy-sparse`)
  Downloaded ident_case v1.0.1 (registry `rsproxy-sparse`)
  Downloaded js-sys v0.3.77 (registry `rsproxy-sparse`)
  Downloaded macro_rules_attribute-proc_macro v0.2.2 (registry `rsproxy-sparse`)
  Downloaded number_prefix v0.4.0 (registry `rsproxy-sparse`)
  Downloaded paste v1.0.15 (registry `rsproxy-sparse`)
  Downloaded ryu v1.0.20 (registry `rsproxy-sparse`)
  Downloaded derive_builder v0.20.2 (registry `rsproxy-sparse`)
  Downloaded rayon-core v1.12.1 (registry `rsproxy-sparse`)
  Downloaded jiff-static v0.2.15 (registry `rsproxy-sparse`)
  Downloaded regex-syntax v0.8.5 (registry `rsproxy-sparse`)
  Downloaded syn v2.0.103 (registry `rsproxy-sparse`)
  Downloaded libc v0.2.173 (registry `rsproxy-sparse`)
  Downloaded rustix v1.0.7 (registry `rsproxy-sparse`)
  Downloaded jiff v0.2.15 (registry `rsproxy-sparse`)
🍹 Building a mixed python/rust project
🐍 Found CPython 3.12 at /tmp/tkv2/bin/python
🔗 Found pyo3 bindings with abi3-py3.9 support
📡 Using build options features, bindings from pyproject.toml
   Compiling proc-macro2 v1.0.95
   Compiling unicode-ident v1.0.18
   Compiling target-lexicon v0.13.2
   Compiling autocfg v1.4.0
   Compiling once_cell v1.21.3
   Compiling libc v0.2.173
   Compiling serde v1.0.219
   Compiling shlex v1.3.0
   Compiling memchr v2.7.5
   Compiling crossbeam-utils v0.8.21
   Compiling cc v1.2.27
   Compiling strsim v0.11.1
   Compiling ident_case v1.0.1
   Compiling getrandom v0.3.3
   Compiling fnv v1.0.7
   Compiling cfg-if v1.0.1
   Compiling zerocopy v0.8.25
   Compiling num-traits v0.2.19
   Compiling pkg-config v0.3.32
   Compiling aho-corasick v1.1.3
   Compiling rayon-core v1.12.1
   Compiling regex-syntax v0.8.5
   Compiling pyo3-build-config v0.25.1
   Compiling quote v1.0.40
   Compiling syn v2.0.103
   Compiling crossbeam-epoch v0.9.18
   Compiling rustversion v1.0.21
   Compiling crossbeam-deque v0.8.6
   Compiling matrixmultiply v0.3.10
   Compiling memoffset v0.9.1
   Compiling portable-atomic v1.11.1
   Compiling either v1.15.0
   Compiling version_check v0.9.5
   Compiling onig_sys v69.9.1
   Compiling heck v0.5.0
   Compiling paste v1.0.15
   Compiling ahash v0.8.12
   Compiling esaxx-rs v0.1.10
   Compiling rand_core v0.9.3
   Compiling itoa v1.0.15
   Compiling unicode-width v0.2.1
   Compiling pyo3-macros-backend v0.25.1
   Compiling pyo3-ffi v0.25.1
   Compiling pyo3 v0.25.1
   Compiling ppv-lite86 v0.2.21
   Compiling rawpointer v0.2.1
   Compiling ryu v1.0.20
   Compiling utf8parse v0.2.2
   Compiling log v0.4.27
   Compiling minimal-lexical v0.2.1
   Compiling serde_json v1.0.140
   Compiling thiserror v2.0.12
   Compiling rayon v1.10.0
   Compiling rand_chacha v0.9.0
   Compiling nom v7.1.3
   Compiling regex-automata v0.4.9
   Compiling anstyle-parse v0.2.7
   Compiling castaway v0.2.3
   Compiling console v0.15.11
   Compiling numpy v0.25.0
   Compiling darling_core v0.20.11
   Compiling num-integer v0.1.46
   Compiling num-complex v0.4.6
   Compiling serde_derive v1.0.219
   Compiling regex v1.11.1
   Compiling monostate-impl v0.1.14
   Compiling thiserror-impl v2.0.12
   Compiling itertools v0.14.0
   Compiling darling_macro v0.20.11
   Compiling anstyle v1.0.11
   Compiling darling v0.20.11
   Compiling static_assertions v1.1.0
   Compiling derive_builder_core v0.20.2
   Compiling bitflags v2.9.1
   Compiling unindent v0.2.4
   Compiling is_terminal_polyfill v1.70.1
   Compiling unicode-segmentation v1.12.0
   Compiling colorchoice v1.0.4
   Compiling smallvec v1.15.1
   Compiling base64 v0.13.1
   Compiling anstyle-query v1.1.3
   Compiling macro_rules_attribute-proc_macro v0.2.2
   Compiling number_prefix v0.4.0
   Compiling indoc v2.0.6
   Compiling indicatif v0.17.11
   Compiling macro_rules_attribute v0.2.2
   Compiling anstream v0.6.19
   Compiling derive_builder_macro v0.20.2
   Compiling unicode-normalization-alignments v0.1.12
   Compiling derive_builder v0.20.2
   Compiling env_filter v0.1.3
   Compiling ndarray v0.16.1
   Compiling pyo3-macros v0.25.1
   Compiling rayon-cond v0.4.0
   Compiling rand v0.9.1
   Compiling unicode_categories v0.1.1
   Compiling jiff v0.2.15
   Compiling rustc-hash v2.1.1
   Compiling dary_heap v0.3.7
   Compiling monostate v0.1.14
   Compiling spm_precompiled v0.1.4
   Compiling compact_str v0.9.0
   Compiling onig v6.5.1
   Compiling tokenizers v0.21.4 (/tmp/tokenizers-opt/tokenizers)
warning: unused import: `std::collections::HashMap`
 --> /tmp/tokenizers-opt/tokenizers/src/tokenizer/pre_tokenizer.rs:4:5
  |
4 | use std::collections::HashMap;
  |     ^^^^^^^^^^^^^^^^^^^^^^^^^
  |
  = note: `#[warn(unused_imports)]` (part of `#[warn(unused)]`) on by default

   Compiling env_logger v0.11.8
warning: hiding a lifetime that's elided elsewhere is confusing
   --> /tmp/tokenizers-opt/tokenizers/src/models/unigram/model.rs:359:17
    |
359 |     pub fn iter(&self) -> UnigramIterator {
    |                 ^^^^^     ^^^^^^^^^^^^^^^ the same lifetime is hidden here
    |                 |
    |                 the lifetime is elided here
    |
    = help: the same lifetime is referred to in inconsistent ways, making the signature confusing
    = note: `#[warn(mismatched_lifetime_syntaxes)]` on by default
help: use `'_` for type paths
    |
359 |     pub fn iter(&self) -> UnigramIterator<'_> {
    |                                          ++++

warning: hiding a lifetime that's elided elsewhere is confusing
  --> /tmp/tokenizers-opt/tokenizers/src/models/unigram/trie.rs:33:36
   |
33 |     pub fn common_prefix_search<T>(&self, iterator: T) -> TrieIterator<Label, T>
   |                                    ^^^^^                  ^^^^^^^^^^^^^^^^^^^^^^ the same lifetime is hidden here
   |                                    |
   |                                    the lifetime is elided here
   |
   = help: the same lifetime is referred to in inconsistent ways, making the signature confusing
help: use `'_` for type paths
   |
33 |     pub fn common_prefix_search<T>(&self, iterator: T) -> TrieIterator<'_, Label, T>
   |                                                                        +++

warning: `tokenizers` (lib) generated 3 warnings (run `cargo fix --lib -p tokenizers` to apply 3 suggestions)
   Compiling tokenizers-python v0.21.4 (/tmp/tokenizers-opt/bindings/python)
warning: hiding a lifetime that's elided elsewhere is confusing
   --> src/processors.rs:344:23
    |
344 |     fn get_sep(self_: PyRef<Self>) -> Result<Bound<'_, PyTuple>, PyErr> {
    |                       ^^^^^^^^^^^                  ^^ the same lifetime is elided here
    |                       |
    |                       the lifetime is hidden here
    |
    = help: the same lifetime is referred to in inconsistent ways, making the signature confusing
    = note: `#[warn(mismatched_lifetime_syntaxes)]` on by default
help: consistently use `'_`
    |
344 |     fn get_sep(self_: PyRef<'_, Self>) -> Result<Bound<'_, PyTuple>, PyErr> {
    |                             +++

warning: hiding a lifetime that's elided elsewhere is confusing
   --> src/processors.rs:361:23
    |
361 |     fn get_cls(self_: PyRef<Self>) -> Result<Bound<'_, PyTuple>, PyErr> {
    |                       ^^^^^^^^^^^                  ^^ the same lifetime is elided here
    |                       |
    |                       the lifetime is hidden here
    |
    = help: the same lifetime is referred to in inconsistent ways, making the signature confusing
help: consistently use `'_`
    |
361 |     fn get_cls(self_: PyRef<'_, Self>) -> Result<Bound<'_, PyTuple>, PyErr> {
    |                             +++

warning: hiding a lifetime that's elided elsewhere is confusing
   --> src/processors.rs:425:23
    |
425 |     fn get_sep(self_: PyRef<Self>) -> Result<Bound<'_, PyTuple>, PyErr> {
    |                       ^^^^^^^^^^^                  ^^ the same lifetime is elided here
    |                       |
    |                       the lifetime is hidden here
    |
    = help: the same lifetime is referred to in inconsistent ways, making the signature confusing
help: consistently use `'_`
    |
425 |     fn get_sep(self_: PyRef<'_, Self>) -> Result<Bound<'_, PyTuple>, PyErr> {
    |                             +++

warning: hiding a lifetime that's elided elsewhere is confusing
   --> src/processors.rs:442:23
    |
442 |     fn get_cls(self_: PyRef<Self>) -> Result<Bound<'_, PyTuple>, PyErr> {
    |                       ^^^^^^^^^^^                  ^^ the same lifetime is elided here
    |                       |
    |                       the lifetime is hidden here
    |
    = help: the same lifetime is referred to in inconsistent ways, making the signature confusing
help: consistently use `'_`
    |
442 |     fn get_cls(self_: PyRef<'_, Self>) -> Result<Bound<'_, PyTuple>, PyErr> {
    |                             +++

warning: `tokenizers-python` (lib) generated 4 warnings (run `cargo fix --lib -p tokenizers-python` to apply 4 suggestions)
    Finished `release` profile [optimized] target(s) in 21.38s
📦 Built wheel for abi3 Python ≥ 3.9 to /tmp/wheels-opt/tokenizers-0.21.4-cp39-abi3-manylinux_2_34_x86_64.whl
BUILD_EXIT=0
